velocista: SI
tavoli: SI
supercalifragilistichespiralidoso: NO
The Quick Brown Fox Jumps Over The Lazy Dog: NO
conquista: SI
break-time: NO
dove si cena?: NO
come si fa?: SI
isogram: SI
six-pack: SI
casa: NO
tavolo: NO
cruscotto: NO
diavolo: NO
